{"level":"info","message":"User service running on port 3001","timestamp":"2025-11-20T05:12:36.293Z"}
{"level":"error","message":"MongoDB connection error: connect ECONNREFUSED 127.0.0.1:27017","reason":{"commonWireVersion":0,"compatible":true,"heartbeatFrequencyMS":10000,"localThresholdMS":15,"logicalSessionTimeoutMinutes":null,"maxElectionId":null,"maxSetVersion":null,"servers":{},"setName":null,"stale":false,"type":"Unknown"},"stack":"MongooseServerSelectionError: connect ECONNREFUSED 127.0.0.1:27017\n    at _handleConnectionErrors (/home/greenosoft/greenosoft/microservices-backend/user-service/node_modules/mongoose/lib/connection.js:816:11)\n    at NativeConnection.openUri (/home/greenosoft/greenosoft/microservices-backend/user-service/node_modules/mongoose/lib/connection.js:791:11)","timestamp":"2025-11-20T05:13:06.297Z"}
{"level":"info","message":"User service running on port 3001","timestamp":"2025-11-20T05:14:08.118Z"}
{"level":"info","message":"User service running on port 3001","timestamp":"2025-11-20T05:20:51.790Z"}
{"level":"error","message":"MongoDB connection error: connect ECONNREFUSED 127.0.0.1:27017","reason":{"commonWireVersion":0,"compatible":true,"heartbeatFrequencyMS":10000,"localThresholdMS":15,"logicalSessionTimeoutMinutes":null,"maxElectionId":null,"maxSetVersion":null,"servers":{},"setName":null,"stale":false,"type":"Unknown"},"stack":"MongooseServerSelectionError: connect ECONNREFUSED 127.0.0.1:27017\n    at _handleConnectionErrors (/home/greenosoft/greenosoft/microservices-backend/user-service/node_modules/mongoose/lib/connection.js:816:11)\n    at NativeConnection.openUri (/home/greenosoft/greenosoft/microservices-backend/user-service/node_modules/mongoose/lib/connection.js:791:11)","timestamp":"2025-11-20T05:21:21.793Z"}
{"level":"info","message":"User service running on port 3001","timestamp":"2025-11-20T05:23:02.705Z"}
{"level":"error","message":"MongoDB connection error: Could not connect to any servers in your MongoDB Atlas cluster. One common reason is that you're trying to access the database from an IP that isn't whitelisted. Make sure your current IP address is on your Atlas cluster's IP whitelist: https://www.mongodb.com/docs/atlas/security-whitelist/","reason":{"commonWireVersion":0,"compatible":true,"heartbeatFrequencyMS":10000,"localThresholdMS":15,"logicalSessionTimeoutMinutes":null,"maxElectionId":null,"maxSetVersion":null,"servers":{},"setName":"atlas-v624m6-shard-0","stale":false,"type":"ReplicaSetNoPrimary"},"stack":"MongooseServerSelectionError: Could not connect to any servers in your MongoDB Atlas cluster. One common reason is that you're trying to access the database from an IP that isn't whitelisted. Make sure your current IP address is on your Atlas cluster's IP whitelist: https://www.mongodb.com/docs/atlas/security-whitelist/\n    at _handleConnectionErrors (/home/greenosoft/greenosoft/microservices-backend/user-service/node_modules/mongoose/lib/connection.js:816:11)\n    at NativeConnection.openUri (/home/greenosoft/greenosoft/microservices-backend/user-service/node_modules/mongoose/lib/connection.js:791:11)","timestamp":"2025-11-20T05:23:32.823Z"}
{"level":"info","message":"User service running on port 3001","timestamp":"2025-11-20T05:25:24.357Z"}
{"level":"info","message":"User service connected to MongoDB","timestamp":"2025-11-20T05:25:25.408Z"}
{"level":"info","message":"User service running on port 3001","timestamp":"2025-11-20T05:26:46.450Z"}
{"level":"info","message":"User service connected to MongoDB","timestamp":"2025-11-20T05:26:48.072Z"}
{"level":"info","message":"User service running on port 3001","timestamp":"2025-11-20T05:27:00.957Z"}
{"level":"info","message":"User service connected to MongoDB","timestamp":"2025-11-20T05:27:01.840Z"}
{"level":"info","message":"User service running on port 3001","timestamp":"2025-11-20T05:27:15.095Z"}
{"level":"info","message":"User service connected to MongoDB","timestamp":"2025-11-20T05:27:15.993Z"}
{"level":"info","message":"User service running on port 3001","timestamp":"2025-11-20T05:47:00.156Z"}
{"level":"info","message":"User service connected to MongoDB","timestamp":"2025-11-20T05:47:01.384Z"}
{"level":"info","message":"User service running on port 3001","timestamp":"2025-11-20T05:50:27.321Z"}
{"level":"info","message":"User service connected to MongoDB","timestamp":"2025-11-20T05:50:28.921Z"}
{"level":"info","message":"User service running on port 3001","timestamp":"2025-11-20T05:54:08.587Z"}
{"level":"info","message":"User service connected to MongoDB","timestamp":"2025-11-20T05:54:10.119Z"}
{"level":"info","message":"User service running on port 3001","timestamp":"2025-12-02T04:40:49.534Z"}
{"level":"error","message":"MongoDB connection error: connect ECONNREFUSED 127.0.0.1:27017","reason":{"commonWireVersion":0,"compatible":true,"heartbeatFrequencyMS":10000,"localThresholdMS":15,"logicalSessionTimeoutMinutes":null,"maxElectionId":null,"maxSetVersion":null,"servers":{},"setName":null,"stale":false,"type":"Unknown"},"stack":"MongooseServerSelectionError: connect ECONNREFUSED 127.0.0.1:27017\n    at _handleConnectionErrors (/home/greenosoft/greenosoft/microservices-backend/user-service/node_modules/mongoose/lib/connection.js:816:11)\n    at NativeConnection.openUri (/home/greenosoft/greenosoft/microservices-backend/user-service/node_modules/mongoose/lib/connection.js:791:11)","timestamp":"2025-12-02T04:41:19.534Z"}
{"level":"info","message":"User service running on port 3001","timestamp":"2025-12-02T04:41:29.106Z"}
{"level":"info","message":"User service connected to MongoDB","timestamp":"2025-12-02T04:41:30.213Z"}
{"level":"info","message":"User service running on port 3001","timestamp":"2025-12-02T04:42:44.062Z"}
{"level":"info","message":"User service running on port 3001","timestamp":"2025-12-02T04:42:44.718Z"}
{"level":"info","message":"User service running on port 3001","timestamp":"2025-12-02T04:42:45.822Z"}
{"level":"info","message":"User service connected to MongoDB","timestamp":"2025-12-02T04:42:46.682Z"}
{"level":"info","message":"User service running on port 3001","timestamp":"2025-12-02T04:42:50.044Z"}
{"level":"info","message":"User service running on port 3001","timestamp":"2025-12-02T04:42:50.665Z"}
{"level":"info","message":"User service connected to MongoDB","timestamp":"2025-12-02T04:42:51.563Z"}
{"_message":"User validation failed","errors":{"name":{"kind":"required","message":"Path `name` is required.","name":"ValidatorError","path":"name","properties":{"message":"Path `name` is required.","path":"name","type":"required"}}},"level":"error","message":"Registration error: User validation failed: name: Path `name` is required.","stack":"ValidationError: User validation failed: name: Path `name` is required.\n    at model.Document.invalidate (/home/greenosoft/greenosoft/microservices-backend/user-service/node_modules/mongoose/lib/document.js:3219:32)\n    at /home/greenosoft/greenosoft/microservices-backend/user-service/node_modules/mongoose/lib/document.js:3012:17\n    at /home/greenosoft/greenosoft/microservices-backend/user-service/node_modules/mongoose/lib/schematype.js:1368:9\n    at processTicksAndRejections (node:internal/process/task_queues:77:11)","timestamp":"2025-12-02T04:48:48.689Z"}
{"level":"info","message":"User service running on port 3001","timestamp":"2025-12-02T04:53:48.669Z"}
{"level":"info","message":"User service connected to MongoDB","timestamp":"2025-12-02T04:53:49.752Z"}
{"level":"info","message":"User service running on port 3001","timestamp":"2025-12-02T04:54:36.995Z"}
{"level":"info","message":"User service connected to MongoDB","timestamp":"2025-12-02T04:54:38.988Z"}
{"level":"info","message":"User service running on port 3001","timestamp":"2025-12-02T04:54:41.937Z"}
{"level":"info","message":"User service connected to MongoDB","timestamp":"2025-12-02T04:54:43.247Z"}
{"level":"info","message":"User service running on port 3001","timestamp":"2025-12-02T04:55:31.446Z"}
{"level":"info","message":"User service connected to MongoDB","timestamp":"2025-12-02T04:55:32.575Z"}
{"level":"info","message":"User service running on port 3001","timestamp":"2025-12-02T04:55:37.144Z"}
{"level":"info","message":"User service connected to MongoDB","timestamp":"2025-12-02T04:55:38.009Z"}
{"level":"info","message":"User service running on port 3001","timestamp":"2025-12-02T04:57:36.629Z"}
{"level":"info","message":"User service running on port 3001","timestamp":"2025-12-02T04:57:37.473Z"}
{"level":"info","message":"User service connected to MongoDB","timestamp":"2025-12-02T04:57:38.704Z"}
{"level":"info","message":"User service running on port 3001","timestamp":"2025-12-02T05:05:32.438Z"}
{"level":"info","message":"User service connected to MongoDB","timestamp":"2025-12-02T05:05:33.527Z"}
{"level":"info","message":"User service running on port 3001","timestamp":"2025-12-02T05:07:03.701Z"}
{"level":"info","message":"User service running on port 3001","timestamp":"2025-12-02T05:07:04.827Z"}
{"level":"info","message":"User service connected to MongoDB","timestamp":"2025-12-02T05:07:05.665Z"}
{"level":"info","message":"User service running on port 3001","timestamp":"2025-12-02T05:07:35.449Z"}
{"level":"info","message":"User service connected to MongoDB","timestamp":"2025-12-02T05:07:36.324Z"}
{"level":"info","message":"User service running on port 3001","timestamp":"2025-12-02T05:07:55.849Z"}
{"level":"info","message":"User service connected to MongoDB","timestamp":"2025-12-02T05:07:56.752Z"}
{"level":"info","message":"User service running on port 3001","timestamp":"2025-12-02T05:08:24.701Z"}
{"level":"info","message":"User service connected to MongoDB","timestamp":"2025-12-02T05:08:25.667Z"}
{"level":"info","message":"User service running on port 3001","timestamp":"2025-12-02T05:09:33.552Z"}
{"level":"info","message":"User service connected to MongoDB","timestamp":"2025-12-02T05:09:35.939Z"}
{"level":"info","message":"User service running on port 3001","timestamp":"2025-12-02T05:09:36.545Z"}
{"level":"info","message":"User service connected to MongoDB","timestamp":"2025-12-02T05:09:37.426Z"}
{"level":"info","message":"User service running on port 3001","timestamp":"2025-12-02T05:12:12.298Z"}
{"level":"info","message":"User service connected to MongoDB","timestamp":"2025-12-02T05:12:13.295Z"}
{"level":"info","message":"User service running on port 3001","timestamp":"2026-06-11T03:27:10.272Z"}
{"level":"error","message":"MongoDB connection error: connect ECONNREFUSED 127.0.0.1:27017","reason":{"commonWireVersion":0,"compatible":true,"heartbeatFrequencyMS":10000,"localThresholdMS":15,"logicalSessionTimeoutMinutes":null,"maxElectionId":null,"maxSetVersion":null,"servers":{},"setName":null,"stale":false,"type":"Unknown"},"stack":"MongooseServerSelectionError: connect ECONNREFUSED 127.0.0.1:27017\n    at _handleConnectionErrors (/home/greenosoft/greenosoft/marketplace-microservices/node_modules/.pnpm/mongoose@7.8.9/node_modules/mongoose/lib/connection.js:816:11)\n    at NativeConnection.openUri (/home/greenosoft/greenosoft/marketplace-microservices/node_modules/.pnpm/mongoose@7.8.9/node_modules/mongoose/lib/connection.js:791:11)","timestamp":"2026-06-11T03:27:40.274Z"}
{"level":"info","message":"User service running on port 3001","timestamp":"2026-06-11T03:36:24.513Z"}
{"code":"ENOTFOUND","hostname":"_mongodb._tcp.cluster0.mv15f9c.mongodb.net","level":"error","message":"MongoDB connection error: querySrv ENOTFOUND _mongodb._tcp.cluster0.mv15f9c.mongodb.net","stack":"Error: querySrv ENOTFOUND _mongodb._tcp.cluster0.mv15f9c.mongodb.net\n    at QueryReqWrap.onresolve [as oncomplete] (node:internal/dns/promises:294:17)","syscall":"querySrv","timestamp":"2026-06-11T03:36:24.564Z"}
{"level":"info","message":"User service running on port 3001","timestamp":"2026-06-11T03:41:12.537Z"}
{"code":"ENOTFOUND","hostname":"_mongodb._tcp.cluster0.mv15f9c.mongodb.net","level":"error","message":"MongoDB connection error: querySrv ENOTFOUND _mongodb._tcp.cluster0.mv15f9c.mongodb.net","stack":"Error: querySrv ENOTFOUND _mongodb._tcp.cluster0.mv15f9c.mongodb.net\n    at QueryReqWrap.onresolve [as oncomplete] (node:internal/dns/promises:294:17)","syscall":"querySrv","timestamp":"2026-06-11T03:41:12.566Z"}
{"level":"info","message":"User service running on port 3001","timestamp":"2026-06-11T03:43:57.879Z"}
{"code":"ENOTFOUND","hostname":"_mongodb._tcp.cluster0.mv15f9c.mongodb.net","level":"error","message":"MongoDB connection error: querySrv ENOTFOUND _mongodb._tcp.cluster0.mv15f9c.mongodb.net","stack":"Error: querySrv ENOTFOUND _mongodb._tcp.cluster0.mv15f9c.mongodb.net\n    at QueryReqWrap.onresolve [as oncomplete] (node:internal/dns/promises:294:17)","syscall":"querySrv","timestamp":"2026-06-11T03:43:57.934Z"}
{"level":"info","message":"User service running on port 3001","timestamp":"2026-06-11T03:44:02.332Z"}
{"code":"ENOTFOUND","hostname":"_mongodb._tcp.cluster0.mv15f9c.mongodb.net","level":"error","message":"MongoDB connection error: querySrv ENOTFOUND _mongodb._tcp.cluster0.mv15f9c.mongodb.net","stack":"Error: querySrv ENOTFOUND _mongodb._tcp.cluster0.mv15f9c.mongodb.net\n    at QueryReqWrap.onresolve [as oncomplete] (node:internal/dns/promises:294:17)","syscall":"querySrv","timestamp":"2026-06-11T03:44:02.361Z"}
{"level":"info","message":"User service running on port 3001","timestamp":"2026-06-11T03:46:10.928Z"}
{"code":"ENOTFOUND","hostname":"_mongodb._tcp.cluster0.mv15f9c.mongodb.net","level":"error","message":"MongoDB connection error: querySrv ENOTFOUND _mongodb._tcp.cluster0.mv15f9c.mongodb.net","stack":"Error: querySrv ENOTFOUND _mongodb._tcp.cluster0.mv15f9c.mongodb.net\n    at QueryReqWrap.onresolve [as oncomplete] (node:internal/dns/promises:294:17)","syscall":"querySrv","timestamp":"2026-06-11T03:46:10.956Z"}
{"level":"info","message":"User service running on port 3001","timestamp":"2026-06-11T03:46:26.224Z"}
{"code":"ENOTFOUND","hostname":"_mongodb._tcp.cluster0.mv15f9c.mongodb.net","level":"error","message":"MongoDB connection error: querySrv ENOTFOUND _mongodb._tcp.cluster0.mv15f9c.mongodb.net","stack":"Error: querySrv ENOTFOUND _mongodb._tcp.cluster0.mv15f9c.mongodb.net\n    at QueryReqWrap.onresolve [as oncomplete] (node:internal/dns/promises:294:17)","syscall":"querySrv","timestamp":"2026-06-11T03:46:26.251Z"}
{"level":"info","message":"User service running on port 3001","timestamp":"2026-06-11T03:46:28.470Z"}
{"code":"ENOTFOUND","hostname":"_mongodb._tcp.cluster0.mv15f9c.mongodb.net","level":"error","message":"MongoDB connection error: querySrv ENOTFOUND _mongodb._tcp.cluster0.mv15f9c.mongodb.net","stack":"Error: querySrv ENOTFOUND _mongodb._tcp.cluster0.mv15f9c.mongodb.net\n    at QueryReqWrap.onresolve [as oncomplete] (node:internal/dns/promises:294:17)","syscall":"querySrv","timestamp":"2026-06-11T03:46:28.497Z"}
{"level":"info","message":"User service running on port 3001","timestamp":"2026-06-11T03:47:14.610Z"}
{"code":"ENOTFOUND","hostname":"_mongodb._tcp.cluster0.mv15f9c.mongodb.net","level":"error","message":"MongoDB connection error: querySrv ENOTFOUND _mongodb._tcp.cluster0.mv15f9c.mongodb.net","stack":"Error: querySrv ENOTFOUND _mongodb._tcp.cluster0.mv15f9c.mongodb.net\n    at QueryReqWrap.onresolve [as oncomplete] (node:internal/dns/promises:294:17)","syscall":"querySrv","timestamp":"2026-06-11T03:47:14.638Z"}
{"level":"info","message":"User service running on port 3001","timestamp":"2026-06-11T03:51:04.864Z"}
{"code":"ENOTFOUND","hostname":"_mongodb._tcp.cluster0.mv15f9c.mongodb.net","level":"error","message":"MongoDB connection error: querySrv ENOTFOUND _mongodb._tcp.cluster0.mv15f9c.mongodb.net","stack":"Error: querySrv ENOTFOUND _mongodb._tcp.cluster0.mv15f9c.mongodb.net\n    at QueryReqWrap.onresolve [as oncomplete] (node:internal/dns/promises:294:17)","syscall":"querySrv","timestamp":"2026-06-11T03:51:04.894Z"}
{"level":"info","message":"User service running on port 3001","timestamp":"2026-06-11T03:52:16.649Z"}
{"code":"ENOTFOUND","hostname":"_mongodb._tcp.cluster0.mv15f9c.mongodb.net","level":"error","message":"MongoDB connection error: querySrv ENOTFOUND _mongodb._tcp.cluster0.mv15f9c.mongodb.net","stack":"Error: querySrv ENOTFOUND _mongodb._tcp.cluster0.mv15f9c.mongodb.net\n    at QueryReqWrap.onresolve [as oncomplete] (node:internal/dns/promises:294:17)","syscall":"querySrv","timestamp":"2026-06-11T03:52:16.678Z"}
{"level":"info","message":"User service running on port 3001","timestamp":"2026-06-11T04:08:21.189Z"}
{"code":"ENOTFOUND","hostname":"_mongodb._tcp.cluster0.mv15f9c.mongodb.net","level":"error","message":"MongoDB connection error: querySrv ENOTFOUND _mongodb._tcp.cluster0.mv15f9c.mongodb.net","stack":"Error: querySrv ENOTFOUND _mongodb._tcp.cluster0.mv15f9c.mongodb.net\n    at QueryReqWrap.onresolve [as oncomplete] (node:internal/dns/promises:294:17)","syscall":"querySrv","timestamp":"2026-06-11T04:08:21.218Z"}
{"level":"info","message":"User service running on port 3001","timestamp":"2026-06-11T04:08:25.929Z"}
{"code":"ENOTFOUND","hostname":"_mongodb._tcp.cluster0.mv15f9c.mongodb.net","level":"error","message":"MongoDB connection error: querySrv ENOTFOUND _mongodb._tcp.cluster0.mv15f9c.mongodb.net","stack":"Error: querySrv ENOTFOUND _mongodb._tcp.cluster0.mv15f9c.mongodb.net\n    at QueryReqWrap.onresolve [as oncomplete] (node:internal/dns/promises:294:17)","syscall":"querySrv","timestamp":"2026-06-11T04:08:25.956Z"}
{"level":"info","message":"User service running on port 3001","timestamp":"2026-06-12T09:42:46.755Z"}
{"code":"ENOTFOUND","hostname":"_mongodb._tcp.cluster0.mv15f9c.mongodb.net","level":"error","message":"MongoDB connection error: querySrv ENOTFOUND _mongodb._tcp.cluster0.mv15f9c.mongodb.net","stack":"Error: querySrv ENOTFOUND _mongodb._tcp.cluster0.mv15f9c.mongodb.net\n    at QueryReqWrap.onresolve [as oncomplete] (node:internal/dns/promises:294:17)","syscall":"querySrv","timestamp":"2026-06-12T09:42:46.784Z"}
{"level":"info","message":"User service running on port 3001","timestamp":"2026-06-12T10:05:10.576Z"}
{"code":"ENOTFOUND","hostname":"_mongodb._tcp.cluster0.mv15f9c.mongodb.net","level":"error","message":"MongoDB connection error: querySrv ENOTFOUND _mongodb._tcp.cluster0.mv15f9c.mongodb.net","stack":"Error: querySrv ENOTFOUND _mongodb._tcp.cluster0.mv15f9c.mongodb.net\n    at QueryReqWrap.onresolve [as oncomplete] (node:internal/dns/promises:294:17)","syscall":"querySrv","timestamp":"2026-06-12T10:05:10.605Z"}
{"level":"info","message":"User service running on port 3001","timestamp":"2026-06-12T10:05:29.093Z"}
{"code":"ENOTFOUND","hostname":"_mongodb._tcp.cluster0.mv15f9c.mongodb.net","level":"error","message":"MongoDB connection error: querySrv ENOTFOUND _mongodb._tcp.cluster0.mv15f9c.mongodb.net","stack":"Error: querySrv ENOTFOUND _mongodb._tcp.cluster0.mv15f9c.mongodb.net\n    at QueryReqWrap.onresolve [as oncomplete] (node:internal/dns/promises:294:17)","syscall":"querySrv","timestamp":"2026-06-12T10:05:29.122Z"}
{"level":"info","message":"User service running on port 3001","timestamp":"2026-06-12T10:17:07.611Z"}
{"code":"ENOTFOUND","hostname":"_mongodb._tcp.cluster0.mv15f9c.mongodb.net","level":"error","message":"MongoDB connection error: querySrv ENOTFOUND _mongodb._tcp.cluster0.mv15f9c.mongodb.net","stack":"Error: querySrv ENOTFOUND _mongodb._tcp.cluster0.mv15f9c.mongodb.net\n    at QueryReqWrap.onresolve [as oncomplete] (node:internal/dns/promises:294:17)","syscall":"querySrv","timestamp":"2026-06-12T10:17:07.639Z"}
{"level":"info","message":"User service running on port 3001","timestamp":"2026-06-12T10:32:13.386Z"}
{"code":"ENOTFOUND","hostname":"_mongodb._tcp.cluster0.mv15f9c.mongodb.net","level":"error","message":"MongoDB connection error: querySrv ENOTFOUND _mongodb._tcp.cluster0.mv15f9c.mongodb.net","stack":"Error: querySrv ENOTFOUND _mongodb._tcp.cluster0.mv15f9c.mongodb.net\n    at QueryReqWrap.onresolve [as oncomplete] (node:internal/dns/promises:294:17)","syscall":"querySrv","timestamp":"2026-06-12T10:32:13.416Z"}
{"level":"info","message":"User service running on port 3001","timestamp":"2026-06-12T10:32:24.827Z"}
{"code":"ENOTFOUND","hostname":"_mongodb._tcp.cluster0.mv15f9c.mongodb.net","level":"error","message":"MongoDB connection error: querySrv ENOTFOUND _mongodb._tcp.cluster0.mv15f9c.mongodb.net","stack":"Error: querySrv ENOTFOUND _mongodb._tcp.cluster0.mv15f9c.mongodb.net\n    at QueryReqWrap.onresolve [as oncomplete] (node:internal/dns/promises:294:17)","syscall":"querySrv","timestamp":"2026-06-12T10:32:24.856Z"}
{"level":"info","message":"User service running on port 3001","timestamp":"2026-06-12T10:32:47.540Z"}
{"code":"ENOTFOUND","hostname":"_mongodb._tcp.cluster0.mv15f9c.mongodb.net","level":"error","message":"MongoDB connection error: querySrv ENOTFOUND _mongodb._tcp.cluster0.mv15f9c.mongodb.net","stack":"Error: querySrv ENOTFOUND _mongodb._tcp.cluster0.mv15f9c.mongodb.net\n    at QueryReqWrap.onresolve [as oncomplete] (node:internal/dns/promises:294:17)","syscall":"querySrv","timestamp":"2026-06-12T10:32:47.568Z"}
{"level":"info","message":"User service running on port 3001","timestamp":"2026-06-12T10:32:49.487Z"}
{"code":"ENOTFOUND","hostname":"_mongodb._tcp.cluster0.mv15f9c.mongodb.net","level":"error","message":"MongoDB connection error: querySrv ENOTFOUND _mongodb._tcp.cluster0.mv15f9c.mongodb.net","stack":"Error: querySrv ENOTFOUND _mongodb._tcp.cluster0.mv15f9c.mongodb.net\n    at QueryReqWrap.onresolve [as oncomplete] (node:internal/dns/promises:294:17)","syscall":"querySrv","timestamp":"2026-06-12T10:32:49.516Z"}
{"level":"info","message":"User service running on port 3001","timestamp":"2026-06-12T10:33:08.928Z"}
{"code":"ENOTFOUND","hostname":"_mongodb._tcp.cluster0.mv15f9c.mongodb.net","level":"error","message":"MongoDB connection error: querySrv ENOTFOUND _mongodb._tcp.cluster0.mv15f9c.mongodb.net","stack":"Error: querySrv ENOTFOUND _mongodb._tcp.cluster0.mv15f9c.mongodb.net\n    at QueryReqWrap.onresolve [as oncomplete] (node:internal/dns/promises:294:17)","syscall":"querySrv","timestamp":"2026-06-12T10:33:08.957Z"}
{"level":"info","message":"User service running on port 3001","timestamp":"2026-06-12T10:33:24.560Z"}
{"code":"ENOTFOUND","hostname":"_mongodb._tcp.cluster0.mv15f9c.mongodb.net","level":"error","message":"MongoDB connection error: querySrv ENOTFOUND _mongodb._tcp.cluster0.mv15f9c.mongodb.net","stack":"Error: querySrv ENOTFOUND _mongodb._tcp.cluster0.mv15f9c.mongodb.net\n    at QueryReqWrap.onresolve [as oncomplete] (node:internal/dns/promises:294:17)","syscall":"querySrv","timestamp":"2026-06-12T10:33:24.731Z"}
{"level":"info","message":"User service running on port 3001","timestamp":"2026-06-12T10:33:52.077Z"}
{"code":"ENOTFOUND","hostname":"_mongodb._tcp.cluster0.mv15f9c.mongodb.net","level":"error","message":"MongoDB connection error: querySrv ENOTFOUND _mongodb._tcp.cluster0.mv15f9c.mongodb.net","stack":"Error: querySrv ENOTFOUND _mongodb._tcp.cluster0.mv15f9c.mongodb.net\n    at QueryReqWrap.onresolve [as oncomplete] (node:internal/dns/promises:294:17)","syscall":"querySrv","timestamp":"2026-06-12T10:33:52.105Z"}
{"level":"info","message":"User service running on port 3001","timestamp":"2026-06-12T10:34:10.325Z"}
{"code":"ENOTFOUND","hostname":"_mongodb._tcp.cluster0.mv15f9c.mongodb.net","level":"error","message":"MongoDB connection error: querySrv ENOTFOUND _mongodb._tcp.cluster0.mv15f9c.mongodb.net","stack":"Error: querySrv ENOTFOUND _mongodb._tcp.cluster0.mv15f9c.mongodb.net\n    at QueryReqWrap.onresolve [as oncomplete] (node:internal/dns/promises:294:17)","syscall":"querySrv","timestamp":"2026-06-12T10:34:10.353Z"}
{"level":"info","message":"User service running on port 3001","timestamp":"2026-06-12T10:34:22.948Z"}
{"code":"ENOTFOUND","hostname":"_mongodb._tcp.cluster0.mv15f9c.mongodb.net","level":"error","message":"MongoDB connection error: querySrv ENOTFOUND _mongodb._tcp.cluster0.mv15f9c.mongodb.net","stack":"Error: querySrv ENOTFOUND _mongodb._tcp.cluster0.mv15f9c.mongodb.net\n    at QueryReqWrap.onresolve [as oncomplete] (node:internal/dns/promises:294:17)","syscall":"querySrv","timestamp":"2026-06-12T10:34:22.977Z"}
{"level":"info","message":"User service running on port 3001","timestamp":"2026-06-12T10:34:34.045Z"}
{"code":"ENOTFOUND","hostname":"_mongodb._tcp.cluster0.mv15f9c.mongodb.net","level":"error","message":"MongoDB connection error: querySrv ENOTFOUND _mongodb._tcp.cluster0.mv15f9c.mongodb.net","stack":"Error: querySrv ENOTFOUND _mongodb._tcp.cluster0.mv15f9c.mongodb.net\n    at QueryReqWrap.onresolve [as oncomplete] (node:internal/dns/promises:294:17)","syscall":"querySrv","timestamp":"2026-06-12T10:34:34.074Z"}
{"level":"info","message":"User service running on port 3001","timestamp":"2026-06-12T10:35:06.661Z"}
{"code":"ENOTFOUND","hostname":"_mongodb._tcp.cluster0.mv15f9c.mongodb.net","level":"error","message":"MongoDB connection error: querySrv ENOTFOUND _mongodb._tcp.cluster0.mv15f9c.mongodb.net","stack":"Error: querySrv ENOTFOUND _mongodb._tcp.cluster0.mv15f9c.mongodb.net\n    at QueryReqWrap.onresolve [as oncomplete] (node:internal/dns/promises:294:17)","syscall":"querySrv","timestamp":"2026-06-12T10:35:06.690Z"}
{"level":"info","message":"User service running on port 3001","timestamp":"2026-06-12T10:35:08.718Z"}
{"code":"ENOTFOUND","hostname":"_mongodb._tcp.cluster0.mv15f9c.mongodb.net","level":"error","message":"MongoDB connection error: querySrv ENOTFOUND _mongodb._tcp.cluster0.mv15f9c.mongodb.net","stack":"Error: querySrv ENOTFOUND _mongodb._tcp.cluster0.mv15f9c.mongodb.net\n    at QueryReqWrap.onresolve [as oncomplete] (node:internal/dns/promises:294:17)","syscall":"querySrv","timestamp":"2026-06-12T10:35:08.746Z"}
{"level":"info","message":"User service running on port 3001","timestamp":"2026-06-12T10:35:10.457Z"}
{"code":"ENOTFOUND","hostname":"_mongodb._tcp.cluster0.mv15f9c.mongodb.net","level":"error","message":"MongoDB connection error: querySrv ENOTFOUND _mongodb._tcp.cluster0.mv15f9c.mongodb.net","stack":"Error: querySrv ENOTFOUND _mongodb._tcp.cluster0.mv15f9c.mongodb.net\n    at QueryReqWrap.onresolve [as oncomplete] (node:internal/dns/promises:294:17)","syscall":"querySrv","timestamp":"2026-06-12T10:35:10.486Z"}
{"level":"info","message":"User service running on port 3001","timestamp":"2026-06-12T10:35:12.135Z"}
{"code":"ENOTFOUND","hostname":"_mongodb._tcp.cluster0.mv15f9c.mongodb.net","level":"error","message":"MongoDB connection error: querySrv ENOTFOUND _mongodb._tcp.cluster0.mv15f9c.mongodb.net","stack":"Error: querySrv ENOTFOUND _mongodb._tcp.cluster0.mv15f9c.mongodb.net\n    at QueryReqWrap.onresolve [as oncomplete] (node:internal/dns/promises:294:17)","syscall":"querySrv","timestamp":"2026-06-12T10:35:12.164Z"}
{"level":"info","message":"User service running on port 3001","timestamp":"2026-06-12T10:35:13.273Z"}
{"code":"ENOTFOUND","hostname":"_mongodb._tcp.cluster0.mv15f9c.mongodb.net","level":"error","message":"MongoDB connection error: querySrv ENOTFOUND _mongodb._tcp.cluster0.mv15f9c.mongodb.net","stack":"Error: querySrv ENOTFOUND _mongodb._tcp.cluster0.mv15f9c.mongodb.net\n    at QueryReqWrap.onresolve [as oncomplete] (node:internal/dns/promises:294:17)","syscall":"querySrv","timestamp":"2026-06-12T10:35:13.300Z"}
{"level":"info","message":"User service running on port 3001","timestamp":"2026-06-12T10:35:16.471Z"}
{"code":"ENOTFOUND","hostname":"_mongodb._tcp.cluster0.mv15f9c.mongodb.net","level":"error","message":"MongoDB connection error: querySrv ENOTFOUND _mongodb._tcp.cluster0.mv15f9c.mongodb.net","stack":"Error: querySrv ENOTFOUND _mongodb._tcp.cluster0.mv15f9c.mongodb.net\n    at QueryReqWrap.onresolve [as oncomplete] (node:internal/dns/promises:294:17)","syscall":"querySrv","timestamp":"2026-06-12T10:35:16.499Z"}
{"level":"info","message":"User service running on port 3001","timestamp":"2026-06-12T10:35:21.886Z"}
{"code":"ENOTFOUND","hostname":"_mongodb._tcp.cluster0.mv15f9c.mongodb.net","level":"error","message":"MongoDB connection error: querySrv ENOTFOUND _mongodb._tcp.cluster0.mv15f9c.mongodb.net","stack":"Error: querySrv ENOTFOUND _mongodb._tcp.cluster0.mv15f9c.mongodb.net\n    at QueryReqWrap.onresolve [as oncomplete] (node:internal/dns/promises:294:17)","syscall":"querySrv","timestamp":"2026-06-12T10:35:21.913Z"}
{"level":"info","message":"User service running on port 3001","timestamp":"2026-06-12T10:37:51.372Z"}
{"code":"ENOTFOUND","hostname":"_mongodb._tcp.cluster0.mv15f9c.mongodb.net","level":"error","message":"MongoDB connection error: querySrv ENOTFOUND _mongodb._tcp.cluster0.mv15f9c.mongodb.net","stack":"Error: querySrv ENOTFOUND _mongodb._tcp.cluster0.mv15f9c.mongodb.net\n    at QueryReqWrap.onresolve [as oncomplete] (node:internal/dns/promises:294:17)","syscall":"querySrv","timestamp":"2026-06-12T10:37:51.400Z"}
{"level":"info","message":"User service running on port 3001","timestamp":"2026-06-12T10:38:10.052Z"}
{"code":"ENOTFOUND","hostname":"_mongodb._tcp.cluster0.mv15f9c.mongodb.net","level":"error","message":"MongoDB connection error: querySrv ENOTFOUND _mongodb._tcp.cluster0.mv15f9c.mongodb.net","stack":"Error: querySrv ENOTFOUND _mongodb._tcp.cluster0.mv15f9c.mongodb.net\n    at QueryReqWrap.onresolve [as oncomplete] (node:internal/dns/promises:294:17)","syscall":"querySrv","timestamp":"2026-06-12T10:38:10.080Z"}
{"level":"info","message":"User service running on port 3001","timestamp":"2026-06-12T10:38:22.098Z"}
{"code":"ENOTFOUND","hostname":"_mongodb._tcp.cluster0.mv15f9c.mongodb.net","level":"error","message":"MongoDB connection error: querySrv ENOTFOUND _mongodb._tcp.cluster0.mv15f9c.mongodb.net","stack":"Error: querySrv ENOTFOUND _mongodb._tcp.cluster0.mv15f9c.mongodb.net\n    at QueryReqWrap.onresolve [as oncomplete] (node:internal/dns/promises:294:17)","syscall":"querySrv","timestamp":"2026-06-12T10:38:22.128Z"}
{"level":"info","message":"User service running on port 3001","timestamp":"2026-06-12T10:38:30.940Z"}
{"code":"ENOTFOUND","hostname":"_mongodb._tcp.cluster0.mv15f9c.mongodb.net","level":"error","message":"MongoDB connection error: querySrv ENOTFOUND _mongodb._tcp.cluster0.mv15f9c.mongodb.net","stack":"Error: querySrv ENOTFOUND _mongodb._tcp.cluster0.mv15f9c.mongodb.net\n    at QueryReqWrap.onresolve [as oncomplete] (node:internal/dns/promises:294:17)","syscall":"querySrv","timestamp":"2026-06-12T10:38:30.968Z"}
{"level":"info","message":"User service running on port 3001","timestamp":"2026-06-12T10:40:03.045Z"}
{"code":"ENOTFOUND","hostname":"_mongodb._tcp.cluster0.mv15f9c.mongodb.net","level":"error","message":"MongoDB connection error: querySrv ENOTFOUND _mongodb._tcp.cluster0.mv15f9c.mongodb.net","stack":"Error: querySrv ENOTFOUND _mongodb._tcp.cluster0.mv15f9c.mongodb.net\n    at QueryReqWrap.onresolve [as oncomplete] (node:internal/dns/promises:294:17)","syscall":"querySrv","timestamp":"2026-06-12T10:40:03.073Z"}
{"level":"info","message":"User service running on port 3001","timestamp":"2026-06-12T10:40:10.361Z"}
{"code":"ENOTFOUND","hostname":"_mongodb._tcp.cluster0.mv15f9c.mongodb.net","level":"error","message":"MongoDB connection error: querySrv ENOTFOUND _mongodb._tcp.cluster0.mv15f9c.mongodb.net","stack":"Error: querySrv ENOTFOUND _mongodb._tcp.cluster0.mv15f9c.mongodb.net\n    at QueryReqWrap.onresolve [as oncomplete] (node:internal/dns/promises:294:17)","syscall":"querySrv","timestamp":"2026-06-12T10:40:10.389Z"}
{"level":"info","message":"User service running on port 3001","timestamp":"2026-06-12T10:41:55.201Z"}
{"code":"ENOTFOUND","hostname":"_mongodb._tcp.cluster0.mv15f9c.mongodb.net","level":"error","message":"MongoDB connection error: querySrv ENOTFOUND _mongodb._tcp.cluster0.mv15f9c.mongodb.net","stack":"Error: querySrv ENOTFOUND _mongodb._tcp.cluster0.mv15f9c.mongodb.net\n    at QueryReqWrap.onresolve [as oncomplete] (node:internal/dns/promises:294:17)","syscall":"querySrv","timestamp":"2026-06-12T10:41:55.229Z"}
{"level":"info","message":"User service running on port 3001","timestamp":"2026-06-12T10:43:34.089Z"}
{"code":"ENOTFOUND","hostname":"_mongodb._tcp.cluster0.mv15f9c.mongodb.net","level":"error","message":"MongoDB connection error: querySrv ENOTFOUND _mongodb._tcp.cluster0.mv15f9c.mongodb.net","stack":"Error: querySrv ENOTFOUND _mongodb._tcp.cluster0.mv15f9c.mongodb.net\n    at QueryReqWrap.onresolve [as oncomplete] (node:internal/dns/promises:294:17)","syscall":"querySrv","timestamp":"2026-06-12T10:43:34.117Z"}
{"level":"info","message":"User service running on port 3001","timestamp":"2026-06-12T10:53:26.781Z"}
{"code":"ENOTFOUND","hostname":"_mongodb._tcp.cluster0.mv15f9c.mongodb.net","level":"error","message":"MongoDB connection error: querySrv ENOTFOUND _mongodb._tcp.cluster0.mv15f9c.mongodb.net","stack":"Error: querySrv ENOTFOUND _mongodb._tcp.cluster0.mv15f9c.mongodb.net\n    at QueryReqWrap.onresolve [as oncomplete] (node:internal/dns/promises:294:17)","syscall":"querySrv","timestamp":"2026-06-12T10:53:26.810Z"}
{"level":"info","message":"User service running on port 3001","timestamp":"2026-06-12T10:57:16.574Z"}
{"code":"ENOTFOUND","hostname":"_mongodb._tcp.cluster0.mv15f9c.mongodb.net","level":"error","message":"MongoDB connection error: querySrv ENOTFOUND _mongodb._tcp.cluster0.mv15f9c.mongodb.net","stack":"Error: querySrv ENOTFOUND _mongodb._tcp.cluster0.mv15f9c.mongodb.net\n    at QueryReqWrap.onresolve [as oncomplete] (node:internal/dns/promises:294:17)","syscall":"querySrv","timestamp":"2026-06-12T10:57:16.650Z"}
{"level":"info","message":"User service running on port 3001","timestamp":"2026-06-12T11:02:25.649Z"}
{"code":"ENOTFOUND","hostname":"_mongodb._tcp.cluster0.mv15f9c.mongodb.net","level":"error","message":"MongoDB connection error: querySrv ENOTFOUND _mongodb._tcp.cluster0.mv15f9c.mongodb.net","stack":"Error: querySrv ENOTFOUND _mongodb._tcp.cluster0.mv15f9c.mongodb.net\n    at QueryReqWrap.onresolve [as oncomplete] (node:internal/dns/promises:294:17)","syscall":"querySrv","timestamp":"2026-06-12T11:02:25.789Z"}
{"level":"info","message":"User service running on port 3001","timestamp":"2026-06-12T11:15:01.911Z"}
{"code":"ENOTFOUND","hostname":"_mongodb._tcp.cluster0.mv15f9c.mongodb.net","level":"error","message":"MongoDB connection error: querySrv ENOTFOUND _mongodb._tcp.cluster0.mv15f9c.mongodb.net","stack":"Error: querySrv ENOTFOUND _mongodb._tcp.cluster0.mv15f9c.mongodb.net\n    at QueryReqWrap.onresolve [as oncomplete] (node:internal/dns/promises:294:17)","syscall":"querySrv","timestamp":"2026-06-12T11:15:01.940Z"}
{"level":"info","message":"User service running on port 3001","timestamp":"2026-06-12T11:15:06.710Z"}
{"code":"ENOTFOUND","hostname":"_mongodb._tcp.cluster0.mv15f9c.mongodb.net","level":"error","message":"MongoDB connection error: querySrv ENOTFOUND _mongodb._tcp.cluster0.mv15f9c.mongodb.net","stack":"Error: querySrv ENOTFOUND _mongodb._tcp.cluster0.mv15f9c.mongodb.net\n    at QueryReqWrap.onresolve [as oncomplete] (node:internal/dns/promises:294:17)","syscall":"querySrv","timestamp":"2026-06-12T11:15:06.739Z"}
{"level":"info","message":"User service running on port 3001","timestamp":"2026-06-12T11:15:26.627Z"}
{"code":"ENOTFOUND","hostname":"_mongodb._tcp.cluster0.mv15f9c.mongodb.net","level":"error","message":"MongoDB connection error: querySrv ENOTFOUND _mongodb._tcp.cluster0.mv15f9c.mongodb.net","stack":"Error: querySrv ENOTFOUND _mongodb._tcp.cluster0.mv15f9c.mongodb.net\n    at QueryReqWrap.onresolve [as oncomplete] (node:internal/dns/promises:294:17)","syscall":"querySrv","timestamp":"2026-06-12T11:15:26.657Z"}
{"level":"info","message":"User service running on port 3001","timestamp":"2026-06-12T11:15:37.194Z"}
{"code":"ENOTFOUND","hostname":"_mongodb._tcp.cluster0.mv15f9c.mongodb.net","level":"error","message":"MongoDB connection error: querySrv ENOTFOUND _mongodb._tcp.cluster0.mv15f9c.mongodb.net","stack":"Error: querySrv ENOTFOUND _mongodb._tcp.cluster0.mv15f9c.mongodb.net\n    at QueryReqWrap.onresolve [as oncomplete] (node:internal/dns/promises:294:17)","syscall":"querySrv","timestamp":"2026-06-12T11:15:37.223Z"}
{"level":"info","message":"User service running on port 3001","timestamp":"2026-06-12T11:15:58.606Z"}
{"code":"ENOTFOUND","hostname":"_mongodb._tcp.cluster0.mv15f9c.mongodb.net","level":"error","message":"MongoDB connection error: querySrv ENOTFOUND _mongodb._tcp.cluster0.mv15f9c.mongodb.net","stack":"Error: querySrv ENOTFOUND _mongodb._tcp.cluster0.mv15f9c.mongodb.net\n    at QueryReqWrap.onresolve [as oncomplete] (node:internal/dns/promises:294:17)","syscall":"querySrv","timestamp":"2026-06-12T11:15:58.658Z"}
{"level":"info","message":"User service running on port 3001","timestamp":"2026-06-12T11:16:10.136Z"}
{"code":"ENOTFOUND","hostname":"_mongodb._tcp.cluster0.mv15f9c.mongodb.net","level":"error","message":"MongoDB connection error: querySrv ENOTFOUND _mongodb._tcp.cluster0.mv15f9c.mongodb.net","stack":"Error: querySrv ENOTFOUND _mongodb._tcp.cluster0.mv15f9c.mongodb.net\n    at QueryReqWrap.onresolve [as oncomplete] (node:internal/dns/promises:294:17)","syscall":"querySrv","timestamp":"2026-06-12T11:16:10.165Z"}
{"level":"info","message":"User service running on port 3001","timestamp":"2026-06-12T11:19:26.327Z"}
{"code":"ENOTFOUND","hostname":"_mongodb._tcp.cluster0.mv15f9c.mongodb.net","level":"error","message":"MongoDB connection error: querySrv ENOTFOUND _mongodb._tcp.cluster0.mv15f9c.mongodb.net","stack":"Error: querySrv ENOTFOUND _mongodb._tcp.cluster0.mv15f9c.mongodb.net\n    at QueryReqWrap.onresolve [as oncomplete] (node:internal/dns/promises:294:17)","syscall":"querySrv","timestamp":"2026-06-12T11:19:26.356Z"}
{"level":"info","message":"User service running on port 3001","timestamp":"2026-06-12T11:19:30.460Z"}
{"code":"ENOTFOUND","hostname":"_mongodb._tcp.cluster0.mv15f9c.mongodb.net","level":"error","message":"MongoDB connection error: querySrv ENOTFOUND _mongodb._tcp.cluster0.mv15f9c.mongodb.net","stack":"Error: querySrv ENOTFOUND _mongodb._tcp.cluster0.mv15f9c.mongodb.net\n    at QueryReqWrap.onresolve [as oncomplete] (node:internal/dns/promises:294:17)","syscall":"querySrv","timestamp":"2026-06-12T11:19:30.489Z"}
{"level":"info","message":"User service running on port 3001","timestamp":"2026-06-15T06:15:50.062Z"}
{"code":"ENOTFOUND","hostname":"_mongodb._tcp.cluster0.mv15f9c.mongodb.net","level":"error","message":"MongoDB connection error: querySrv ENOTFOUND _mongodb._tcp.cluster0.mv15f9c.mongodb.net","stack":"Error: querySrv ENOTFOUND _mongodb._tcp.cluster0.mv15f9c.mongodb.net\n    at QueryReqWrap.onresolve [as oncomplete] (node:internal/dns/promises:294:17)","syscall":"querySrv","timestamp":"2026-06-15T06:15:50.092Z"}
{"level":"info","message":"User service running on port 3001","timestamp":"2026-06-15T06:17:52.230Z"}
{"code":"ENOTFOUND","hostname":"_mongodb._tcp.cluster0.mv15f9c.mongodb.net","level":"error","message":"MongoDB connection error: querySrv ENOTFOUND _mongodb._tcp.cluster0.mv15f9c.mongodb.net","stack":"Error: querySrv ENOTFOUND _mongodb._tcp.cluster0.mv15f9c.mongodb.net\n    at QueryReqWrap.onresolve [as oncomplete] (node:internal/dns/promises:294:17)","syscall":"querySrv","timestamp":"2026-06-15T06:17:52.261Z"}
{"level":"info","message":"User service running on port 3001","timestamp":"2026-06-15T06:20:19.581Z"}
{"code":"ENOTFOUND","hostname":"_mongodb._tcp.cluster0.mv15f9c.mongodb.net","level":"error","message":"MongoDB connection error: querySrv ENOTFOUND _mongodb._tcp.cluster0.mv15f9c.mongodb.net","stack":"Error: querySrv ENOTFOUND _mongodb._tcp.cluster0.mv15f9c.mongodb.net\n    at QueryReqWrap.onresolve [as oncomplete] (node:internal/dns/promises:294:17)","syscall":"querySrv","timestamp":"2026-06-15T06:20:19.675Z"}
{"level":"info","message":"User service running on port 3001","timestamp":"2026-06-15T06:25:58.496Z"}
{"code":8000,"codeName":"AtlasError","connectionGeneration":0,"level":"error","message":"MongoDB connection error: bad auth : authentication failed","ok":0,"stack":"MongoServerError: bad auth : authentication failed\n    at Connection.onMessage (/home/greenosoft/greenosoft/marketplace-microservices/node_modules/.pnpm/mongodb@5.9.2/node_modules/mongodb/src/cmap/connection.ts:413:18)\n    at MessageStream.<anonymous> (/home/greenosoft/greenosoft/marketplace-microservices/node_modules/.pnpm/mongodb@5.9.2/node_modules/mongodb/src/cmap/connection.ts:243:56)\n    at MessageStream.emit (node:events:509:28)\n    at MessageStream.emit (node:domain:489:12)\n    at processIncomingData (/home/greenosoft/greenosoft/marketplace-microservices/node_modules/.pnpm/mongodb@5.9.2/node_modules/mongodb/src/cmap/message_stream.ts:193:12)\n    at MessageStream._write (/home/greenosoft/greenosoft/marketplace-microservices/node_modules/.pnpm/mongodb@5.9.2/node_modules/mongodb/src/cmap/message_stream.ts:74:5)\n    at writeOrBuffer (node:internal/streams/writable:570:12)\n    at _write (node:internal/streams/writable:499:10)\n    at MessageStream.Writable.write (node:internal/streams/writable:508:10)\n    at TLSSocket.ondata (node:internal/streams/readable:1012:24)","timestamp":"2026-06-15T06:26:00.407Z"}
{"level":"info","message":"User service running on port 3001","timestamp":"2026-06-15T06:30:21.958Z"}
{"code":8000,"codeName":"AtlasError","connectionGeneration":0,"level":"error","message":"MongoDB connection error: bad auth : authentication failed","ok":0,"stack":"MongoServerError: bad auth : authentication failed\n    at Connection.onMessage (/home/greenosoft/greenosoft/marketplace-microservices/node_modules/.pnpm/mongodb@5.9.2/node_modules/mongodb/src/cmap/connection.ts:413:18)\n    at MessageStream.<anonymous> (/home/greenosoft/greenosoft/marketplace-microservices/node_modules/.pnpm/mongodb@5.9.2/node_modules/mongodb/src/cmap/connection.ts:243:56)\n    at MessageStream.emit (node:events:509:28)\n    at MessageStream.emit (node:domain:489:12)\n    at processIncomingData (/home/greenosoft/greenosoft/marketplace-microservices/node_modules/.pnpm/mongodb@5.9.2/node_modules/mongodb/src/cmap/message_stream.ts:193:12)\n    at MessageStream._write (/home/greenosoft/greenosoft/marketplace-microservices/node_modules/.pnpm/mongodb@5.9.2/node_modules/mongodb/src/cmap/message_stream.ts:74:5)\n    at writeOrBuffer (node:internal/streams/writable:570:12)\n    at _write (node:internal/streams/writable:499:10)\n    at MessageStream.Writable.write (node:internal/streams/writable:508:10)\n    at TLSSocket.ondata (node:internal/streams/readable:1012:24)","timestamp":"2026-06-15T06:30:23.576Z"}
{"level":"info","message":"User service running on port 3001","timestamp":"2026-06-15T06:32:49.125Z"}
{"code":8000,"codeName":"AtlasError","connectionGeneration":0,"level":"error","message":"MongoDB connection error: bad auth : authentication failed","ok":0,"stack":"MongoServerError: bad auth : authentication failed\n    at Connection.onMessage (/home/greenosoft/greenosoft/marketplace-microservices/node_modules/.pnpm/mongodb@5.9.2/node_modules/mongodb/src/cmap/connection.ts:413:18)\n    at MessageStream.<anonymous> (/home/greenosoft/greenosoft/marketplace-microservices/node_modules/.pnpm/mongodb@5.9.2/node_modules/mongodb/src/cmap/connection.ts:243:56)\n    at MessageStream.emit (node:events:509:28)\n    at MessageStream.emit (node:domain:489:12)\n    at processIncomingData (/home/greenosoft/greenosoft/marketplace-microservices/node_modules/.pnpm/mongodb@5.9.2/node_modules/mongodb/src/cmap/message_stream.ts:193:12)\n    at MessageStream._write (/home/greenosoft/greenosoft/marketplace-microservices/node_modules/.pnpm/mongodb@5.9.2/node_modules/mongodb/src/cmap/message_stream.ts:74:5)\n    at writeOrBuffer (node:internal/streams/writable:570:12)\n    at _write (node:internal/streams/writable:499:10)\n    at MessageStream.Writable.write (node:internal/streams/writable:508:10)\n    at TLSSocket.ondata (node:internal/streams/readable:1012:24)","timestamp":"2026-06-15T06:32:50.305Z"}
{"level":"info","message":"User service running on port 3001","timestamp":"2026-06-15T06:35:36.742Z"}
{"level":"info","message":"User service connected to MongoDB","timestamp":"2026-06-15T06:35:38.551Z"}
{"level":"info","message":"User service running on port 3001","timestamp":"2026-06-15T06:35:40.382Z"}
{"level":"info","message":"User service connected to MongoDB","timestamp":"2026-06-15T06:35:40.904Z"}
{"level":"info","timestamp":"2026-06-15T06:37:30.207Z"}
{"level":"info","message":"User service connected to MongoDB","timestamp":"2026-06-15T06:37:31.942Z"}
{"level":"info","timestamp":"2026-06-15T06:39:20.659Z"}
{"level":"info","message":"User service connected to MongoDB","timestamp":"2026-06-15T06:39:21.874Z"}
{"level":"info","timestamp":"2026-06-15T06:41:50.430Z"}
{"level":"info","message":"User service connected to MongoDB","timestamp":"2026-06-15T06:41:51.907Z"}
{"level":"info","timestamp":"2026-06-15T06:41:54.054Z"}
{"level":"info","message":"User service connected to MongoDB","timestamp":"2026-06-15T06:41:54.606Z"}
{"level":"info","timestamp":"2026-06-15T06:44:23.409Z"}
{"level":"info","message":"User service connected to MongoDB","timestamp":"2026-06-15T06:44:24.670Z"}
{"level":"info","timestamp":"2026-06-15T06:44:40.678Z"}
{"level":"info","message":"User service connected to MongoDB","timestamp":"2026-06-15T06:44:41.240Z"}
{"level":"info","timestamp":"2026-06-15T06:44:50.969Z"}
{"level":"info","message":"User service connected to MongoDB","timestamp":"2026-06-15T06:44:51.531Z"}
{"level":"info","timestamp":"2026-06-15T06:44:59.873Z"}
{"level":"info","message":"User service connected to MongoDB","timestamp":"2026-06-15T06:45:00.446Z"}
{"level":"info","timestamp":"2026-06-15T06:45:09.208Z"}
{"level":"info","message":"User service connected to MongoDB","timestamp":"2026-06-15T06:45:09.770Z"}
{"level":"info","timestamp":"2026-06-15T06:45:25.317Z"}
{"level":"info","message":"User service connected to MongoDB","timestamp":"2026-06-15T06:45:27.345Z"}
{"level":"info","timestamp":"2026-06-15T06:52:41.022Z"}
{"level":"info","message":"User service connected to MongoDB","timestamp":"2026-06-15T06:52:42.619Z"}
{"level":"info","timestamp":"2026-06-15T06:52:49.436Z"}
{"level":"info","message":"User service connected to MongoDB","timestamp":"2026-06-15T06:52:49.988Z"}
{"level":"info","timestamp":"2026-06-15T06:53:09.922Z"}
{"level":"info","message":"User service connected to MongoDB","timestamp":"2026-06-15T06:53:10.471Z"}
{"level":"info","timestamp":"2026-06-15T06:53:35.101Z"}
{"level":"info","message":"User service connected to MongoDB","timestamp":"2026-06-15T06:53:35.670Z"}
{"level":"info","timestamp":"2026-06-15T06:53:54.471Z"}
{"level":"info","message":"User service connected to MongoDB","timestamp":"2026-06-15T06:53:55.123Z"}
